 ✔ Container fl_sim_docker-cloud-1    C...                                   0.0s
 ✔ Container fl_sim_docker-edge0-1    C...                                   0.1s
 ✔ Container fl_sim_docker-edge1-1    C...                                   0.0s
 ✔ Container fl_sim_docker-client2-1  Created                                0.1s
 ✔ Container fl_sim_docker-client3-1  Created                                0.0s
 ✔ Container fl_sim_docker-client1-1  Created                                0.0s
 ✔ Container fl_sim_docker-client0-1  Created                                0.0s
Attaching to client0-1, client1-1, client2-1, client3-1, cloud-1, edge0-1, edge1-1
cloud-1    |
cloud-1    | ==========
cloud-1    | == CUDA ==
cloud-1    | ==========
cloud-1    |
cloud-1    | CUDA Version 12.4.1
cloud-1    |
cloud-1    | Container image Copyright (c) 2016-2023, NVIDIA CORPORATION & AFFILIATES. All rights reserved.
cloud-1    |
cloud-1    | This container image and its contents are governed by the NVIDIA Deep Learning Container License.
cloud-1    | By pulling and using the container, you accept the terms and conditions of this license:
cloud-1    | <https://developer.nvidia.com/ngc/nvidia-deep-learning-container-license>
cloud-1    |
cloud-1    | A copy of this license is made available in this container at /NGC-DL-CONTAINER-LICENSE for your convenience.
cloud-1    |
cloud-1    | WARNING: The NVIDIA Driver was not detected.  GPU functionality will not be available.
cloud-1    |    Use the NVIDIA Container Toolkit to start this container with GPU support; see
cloud-1    |    <https://docs.nvidia.com/datacenter/cloud-native/> .
cloud-1    |
edge1-1    |
edge1-1    | ==========
edge1-1    | == CUDA ==
edge1-1    | ==========
edge1-1    |
edge0-1    |
edge1-1    | CUDA Version 12.4.1
edge0-1    | ==========
edge1-1    |
edge0-1    | == CUDA ==
edge1-1    | Container image Copyright (c) 2016-2023, NVIDIA CORPORATION & AFFILIATES. All rights reserved.
edge0-1    | ==========
edge1-1    |
edge0-1    |
edge1-1    | This container image and its contents are governed by the NVIDIA Deep Learning Container License.
edge0-1    | CUDA Version 12.4.1
edge1-1    | By pulling and using the container, you accept the terms and conditions of this license:
edge0-1    |
edge1-1    | <https://developer.nvidia.com/ngc/nvidia-deep-learning-container-license>
edge0-1    | Container image Copyright (c) 2016-2023, NVIDIA CORPORATION & AFFILIATES. All rights reserved.
edge1-1    |
edge0-1    |
edge1-1    | A copy of this license is made available in this container at /NGC-DL-CONTAINER-LICENSE for your convenience.
edge0-1    | This container image and its contents are governed by the NVIDIA Deep Learning Container License.
edge1-1    |
edge0-1    | By pulling and using the container, you accept the terms and conditions of this license:
edge1-1    | WARNING: The NVIDIA Driver was not detected.  GPU functionality will not be available.
edge0-1    | <https://developer.nvidia.com/ngc/nvidia-deep-learning-container-license>
edge1-1    |    Use the NVIDIA Container Toolkit to start this container with GPU support; see
edge0-1    |
edge1-1    |    <https://docs.nvidia.com/datacenter/cloud-native/> .
edge0-1    | A copy of this license is made available in this container at /NGC-DL-CONTAINER-LICENSE for your convenience.
edge1-1    |
edge0-1    |
edge0-1    | WARNING: The NVIDIA Driver was not detected.  GPU functionality will not be available.
edge0-1    |    Use the NVIDIA Container Toolkit to start this container with GPU support; see
edge0-1    |    <https://docs.nvidia.com/datacenter/cloud-native/> .
edge0-1    |
client2-1  |
client2-1  | ==========
client2-1  | == CUDA ==
client2-1  | ==========
client2-1  |
client2-1  | CUDA Version 12.4.1
client2-1  |
client2-1  | Container image Copyright (c) 2016-2023, NVIDIA CORPORATION & AFFILIATES. All rights reserved.
client2-1  |
client2-1  | This container image and its contents are governed by the NVIDIA Deep Learning Container License.
client2-1  | By pulling and using the container, you accept the terms and conditions of this license:
client2-1  | <https://developer.nvidia.com/ngc/nvidia-deep-learning-container-license>
client2-1  |
client2-1  | A copy of this license is made available in this container at /NGC-DL-CONTAINER-LICENSE for your convenience.
client2-1  |
client2-1  | WARNING: The NVIDIA Driver was not detected.  GPU functionality will not be available.
client2-1  |    Use the NVIDIA Container Toolkit to start this container with GPU support; see
client2-1  |    <https://docs.nvidia.com/datacenter/cloud-native/> .
client2-1  |
client0-1  |
client0-1  | ==========
client0-1  | == CUDA ==
client0-1  | ==========
client0-1  |
client0-1  | CUDA Version 12.4.1
client0-1  |
client0-1  | Container image Copyright (c) 2016-2023, NVIDIA CORPORATION & AFFILIATES. All rights reserved.
client0-1  |
client0-1  | This container image and its contents are governed by the NVIDIA Deep Learning Container License.
client0-1  | By pulling and using the container, you accept the terms and conditions of this license:
client0-1  | <https://developer.nvidia.com/ngc/nvidia-deep-learning-container-license>
client0-1  |
client0-1  | A copy of this license is made available in this container at /NGC-DL-CONTAINER-LICENSE for your convenience.
client0-1  |
client0-1  | WARNING: The NVIDIA Driver was not detected.  GPU functionality will not be available.
client0-1  |    Use the NVIDIA Container Toolkit to start this container with GPU support; see
client0-1  |    <https://docs.nvidia.com/datacenter/cloud-native/> .
client0-1  |
client3-1  |
client3-1  | ==========
client3-1  | == CUDA ==
client3-1  | ==========
client1-1  |
client3-1  |
client1-1  | ==========
client3-1  | CUDA Version 12.4.1
client1-1  | == CUDA ==
client3-1  |
client1-1  | ==========
client3-1  | Container image Copyright (c) 2016-2023, NVIDIA CORPORATION & AFFILIATES. All rights reserved.
client1-1  |
client3-1  |
client1-1  | CUDA Version 12.4.1
client3-1  | This container image and its contents are governed by the NVIDIA Deep Learning Container License.
client1-1  |
client3-1  | By pulling and using the container, you accept the terms and conditions of this license:
client1-1  | Container image Copyright (c) 2016-2023, NVIDIA CORPORATION & AFFILIATES. All rights reserved.
client3-1  | <https://developer.nvidia.com/ngc/nvidia-deep-learning-container-license>
client1-1  |
client3-1  |
client1-1  | This container image and its contents are governed by the NVIDIA Deep Learning Container License.
client3-1  | A copy of this license is made available in this container at /NGC-DL-CONTAINER-LICENSE for your convenience.
client1-1  | By pulling and using the container, you accept the terms and conditions of this license:
client3-1  |
client1-1  | <https://developer.nvidia.com/ngc/nvidia-deep-learning-container-license>
client3-1  | WARNING: The NVIDIA Driver was not detected.  GPU functionality will not be available.
client1-1  |
client3-1  |    Use the NVIDIA Container Toolkit to start this container with GPU support; see
client1-1  | A copy of this license is made available in this container at /NGC-DL-CONTAINER-LICENSE for your convenience.
client3-1  |    <https://docs.nvidia.com/datacenter/cloud-native/> .
client1-1  |
client3-1  |
client1-1  | WARNING: The NVIDIA Driver was not detected.  GPU functionality will not be available.
client1-1  |    Use the NVIDIA Container Toolkit to start this container with GPU support; see
client1-1  |    <https://docs.nvidia.com/datacenter/cloud-native/> .
client1-1  |
cloud-1    | 2025-03-08 02:23:05 [INFO] Cloud - Starting Cloud Server on 0.0.0.0:8080
cloud-1    | INFO flwr 2025-03-08 02:23:05,212 | app.py:162 | Starting Flower server, config: ServerConfig(num_rounds=30, round_timeout=None)
cloud-1    | 2025-03-08 02:23:05 [INFO] Cloud - Starting Flower server, config: ServerConfig(num_rounds=30, round_timeout=None)
cloud-1    | INFO flwr 2025-03-08 02:23:05,236 | app.py:175 | Flower ECE: gRPC server running (30 rounds), SSL is disabled
cloud-1    | 2025-03-08 02:23:05 [INFO] Cloud - Flower ECE: gRPC server running (30 rounds), SSL is disabled
cloud-1    | INFO flwr 2025-03-08 02:23:05,236 | server.py:89 | Initializing global parameters
cloud-1    | 2025-03-08 02:23:05 [INFO] Cloud - Initializing global parameters
cloud-1    | INFO flwr 2025-03-08 02:23:05,236 | server.py:272 | Using initial parameters provided by strategy
cloud-1    | 2025-03-08 02:23:05 [INFO] Cloud - Using initial parameters provided by strategy
cloud-1    | INFO flwr 2025-03-08 02:23:05,236 | server.py:91 | Evaluating initial parameters
cloud-1    | 2025-03-08 02:23:05 [INFO] Cloud - Evaluating initial parameters
cloud-1    | 2025-03-08 02:23:05 [INFO] Cloud - Round 0 Pre-Eval - CPU: 9.9% | TX: 0.00 MB | Energy: 1.49 J/s
client2-1  | 2025-03-08 02:23:06 [INFO] Client 2 - Waiting 120s before connecting to edge0:8080
client0-1  | 2025-03-08 02:23:06 [INFO] Client 0 - Waiting 120s before connecting to edge0:8080
client1-1  | 2025-03-08 02:23:06 [INFO] Client 1 - Waiting 120s before connecting to edge1:8080
client3-1  | 2025-03-08 02:23:06 [INFO] Client 3 - Waiting 120s before connecting to edge1:8080
cloud-1    | 2025-03-08 02:23:07 [INFO] Cloud - Round 0 Post-Eval (took 1.60s) - CPU: 103.3% | TX: 0.00 MB | Energy: 15.49 J/s
cloud-1    | INFO flwr 2025-03-08 02:23:07,045 | server.py:94 | initial parameters (loss, other metrics): 183.3498260974884, {'accuracy': 0.0565, 'cpu': 103.3, 'tx_mb': 0.002819, 'energy': 15.495, 'eval_time': 1.5984284449996267}
cloud-1    | 2025-03-08 02:23:07 [INFO] Cloud - initial parameters (loss, other metrics): 183.3498260974884, {'accuracy': 0.0565, 'cpu': 103.3, 'tx_mb': 0.002819, 'energy': 15.495, 'eval_time': 1.5984284449996267}
cloud-1    | INFO flwr 2025-03-08 02:23:07,045 | server.py:104 | FL starting
cloud-1    | 2025-03-08 02:23:07 [INFO] Cloud - FL starting
edge0-1    | INFO flwr 2025-03-08 02:23:22,351 | grpc.py:49 | Opened insecure gRPC connection (no certificates were passed)
edge1-1    | INFO flwr 2025-03-08 02:23:22,368 | grpc.py:49 | Opened insecure gRPC connection (no certificates were passed)
edge1-1    | DEBUG flwr 2025-03-08 02:23:22,369 | connection.py:42 | ChannelConnectivity.IDLE
edge1-1    | WARNING: All log messages before absl::InitializeLog() is called are written to STDERR
edge1-1    | I0000 00:00:1741400602.370966      42 fork_posix.cc:75] Other threads are currently calling into gRPC, skipping fork() handlers
edge1-1    | DEBUG flwr 2025-03-08 02:23:22,375 | connection.py:42 | ChannelConnectivity.READY
edge1-1    | DEBUG flwr 2025-03-08 02:23:22,377 | connection.py:42 | ChannelConnectivity.IDLE
edge0-1    | DEBUG flwr 2025-03-08 02:23:22,380 | connection.py:42 | ChannelConnectivity.IDLE
edge1-1    | DEBUG flwr 2025-03-08 02:23:22,377 | connection.py:42 | ChannelConnectivity.CONNECTING
cloud-1    | DEBUG flwr 2025-03-08 02:23:22,383 | server.py:222 | fit_round 1: strategy sampled 2 clients (out of 2)
edge0-1    | DEBUG flwr 2025-03-08 02:23:22,381 | connection.py:42 | ChannelConnectivity.CONNECTING
edge1-1    | DEBUG flwr 2025-03-08 02:23:22,377 | connection.py:42 | ChannelConnectivity.READY
cloud-1    | 2025-03-08 02:23:22 [DEBUG] Cloud - fit_round 1: strategy sampled 2 clients (out of 2)
edge0-1    | DEBUG flwr 2025-03-08 02:23:22,382 | connection.py:42 | ChannelConnectivity.READY
edge1-1    | 2025-03-08 02:23:22 [INFO] Edge 1 - Pre-Aggregation - CPU: 0.0% | TX: 0.00 MB | Energy: 0.00 J/s
edge1-1    | INFO flwr 2025-03-08 02:23:22,489 | app.py:162 | Starting Flower server, config: ServerConfig(num_rounds=30, round_timeout=None)
edge0-1    | 2025-03-08 02:23:22 [INFO] Edge 0 - Pre-Aggregation - CPU: 9.9% | TX: 0.00 MB | Energy: 0.99 J/s
edge0-1    | INFO flwr 2025-03-08 02:23:22,491 | app.py:162 | Starting Flower server, config: ServerConfig(num_rounds=30, round_timeout=None)
edge1-1    | INFO flwr 2025-03-08 02:23:22,494 | app.py:175 | Flower ECE: gRPC server running (30 rounds), SSL is disabled
edge0-1    | INFO flwr 2025-03-08 02:23:22,495 | app.py:175 | Flower ECE: gRPC server running (30 rounds), SSL is disabled
edge1-1    | INFO flwr 2025-03-08 02:23:22,494 | server.py:89 | Initializing global parameters
edge0-1    | INFO flwr 2025-03-08 02:23:22,495 | server.py:89 | Initializing global parameters
edge1-1    | INFO flwr 2025-03-08 02:23:22,494 | server.py:272 | Using initial parameters provided by strategy
edge0-1    | INFO flwr 2025-03-08 02:23:22,495 | server.py:272 | Using initial parameters provided by strategy
edge1-1    | INFO flwr 2025-03-08 02:23:22,494 | server.py:91 | Evaluating initial parameters
edge0-1    | INFO flwr 2025-03-08 02:23:22,495 | server.py:91 | Evaluating initial parameters
edge1-1    | INFO flwr 2025-03-08 02:23:22,494 | server.py:104 | FL starting
edge0-1    | INFO flwr 2025-03-08 02:23:22,495 | server.py:104 | FL starting
edge1-1    | I0000 00:00:1741400604.625735      42 fork_posix.cc:75] Other threads are currently calling into gRPC, skipping fork() handlers
edge0-1    | WARNING: All log messages before absl::InitializeLog() is called are written to STDERR
edge0-1    | I0000 00:00:1741400604.706120      42 fork_posix.cc:75] Other threads are currently calling into gRPC, skipping fork() handlers
client2-1  | 2025-03-08 02:24:56 [INFO] Client 2 - Attempt 1/10 to connect to edge0:8080
client2-1  | INFO flwr 2025-03-08 02:24:56,604 | grpc.py:49 | Opened insecure gRPC connection (no certificates were passed)
client2-1  | DEBUG flwr 2025-03-08 02:24:56,631 | connection.py:42 | ChannelConnectivity.IDLE
client2-1  | DEBUG flwr 2025-03-08 02:24:56,632 | connection.py:42 | ChannelConnectivity.CONNECTING
client2-1  | WARNING: All log messages before absl::InitializeLog() is called are written to STDERR
client2-1  | I0000 00:00:1741400696.634543      48 fork_posix.cc:75] Other threads are currently calling into gRPC, skipping fork() handlers
client2-1  | DEBUG flwr 2025-03-08 02:24:56,639 | connection.py:42 | ChannelConnectivity.READY
client0-1  | 2025-03-08 02:24:56 [INFO] Client 0 - Attempt 1/10 to connect to edge0:8080
client0-1  | INFO flwr 2025-03-08 02:24:56,707 | grpc.py:49 | Opened insecure gRPC connection (no certificates were passed)
client0-1  | DEBUG flwr 2025-03-08 02:24:56,715 | connection.py:42 | ChannelConnectivity.IDLE
client0-1  | DEBUG flwr 2025-03-08 02:24:56,716 | connection.py:42 | ChannelConnectivity.READY
edge0-1    | DEBUG flwr 2025-03-08 02:24:56,717 | server.py:222 | fit_round 1: strategy sampled 2 clients (out of 2)
client2-1  | 2025-03-08 02:24:56 [INFO] Client 2 - Pre-Training - CPU: 0.0% | TX: 0.00 MB | Energy: 0.00 J/s
client0-1  | 2025-03-08 02:24:56 [INFO] Client 0 - Pre-Training - CPU: 10.0% | TX: 0.00 MB | Energy: 0.50 J/s
tivity.READY
edge1-1    | DEBUG flwr 2025-03-08 02:24:57,155 | server.py:222 | fit_round 1: strategy sampled 2 clients (out of 2)
client3-1  | DEBUG flwr 2025-03-08 02:24:57,156 | connection.py:42 | ChannelConnectivity.IDLE
client3-1  | DEBUG flwr 2025-03-08 02:24:57,164 | connection.py:42 | ChannelConnectivity.READY
client3-1  | 2025-03-08 02:24:57 [INFO] Client 3 - Pre-Training - CPU: 0.0% | TX: 0.00 MB | Energy: 0.00 J/s
client1-1  | 2025-03-08 02:24:57 [INFO] Client 1 - Pre-Training - CPU: 0.0% | TX: 0.00 MB | Energy: 0.00 J/s
client0-1  | 2025-03-08 02:29:14 [INFO] Client 0 - Post-Training (took 281.33s) - CPU: 89.3% | TX: 0.00 MB | Energy: 4.46 J/s
client2-1  | 2025-03-08 02:29:16 [INFO] Client 2 - Post-Training (took 283.68s) - CPU: 114.1% | TX: 0.00 MB | Energy: 5.71 J/s
edge0-1    | DEBUG flwr 2025-03-08 02:29:16,495 | server.py:236 | fit_round 1 received 2 results and 0 failures
edge0-1    | DEBUG flwr 2025-03-08 02:29:16,497 | server.py:173 | evaluate_round 1: strategy sampled 2 clients (out of 2)
client0-1  | 2025-03-08 02:29:16 [INFO] Client 0 - Pre-Evaluation - CPU: 0.0% | TX: 0.00 MB | Energy: 0.00 J/s
client2-1  | 2025-03-08 02:29:16 [INFO] Client 2 - Pre-Evaluation - CPU: 0.0% | TX: 0.00 MB | Energy: 0.00 J/s
client3-1  | 2025-03-08 02:29:16 [INFO] Client 3 - Post-Training (took 283.35s) - CPU: 109.0% | TX: 0.00 MB | Energy: 5.45 J/s
client1-1  | 2025-03-08 02:29:16 [INFO] Client 1 - Post-Training (took 283.34s) - CPU: 119.1% | TX: 0.00 MB | Energy: 5.96 J/s
edge1-1    | DEBUG flwr 2025-03-08 02:29:16,648 | server.py:236 | fit_round 1 received 2 results and 0 failures
edge1-1    | DEBUG flwr 2025-03-08 02:29:16,654 | server.py:173 | evaluate_round 1: strategy sampled 2 clients (out of 2)
client1-1  | 2025-03-08 02:29:16 [INFO] Client 1 - Pre-Evaluation - CPU: 0.0% | TX: 0.00 MB | Energy: 0.00 J/s
client3-1  | 2025-03-08 02:29:16 [INFO] Client 3 - Pre-Evaluation - CPU: 10.0% | TX: 0.00 MB | Energy: 0.50 J/s
client0-1  | 2025-03-08 02:31:00 [INFO] Client 0 - Evaluation - Loss: 157.1600, Accuracy: 0.8823
client1-1  | 2025-03-08 02:31:00 [INFO] Client 1 - Evaluation - Loss: 161.4050, Accuracy: 0.8871
client2-1  | 2025-03-08 02:31:00 [INFO] Client 2 - Evaluation - Loss: 155.9067, Accuracy: 0.8866
edge0-1    | DEBUG flwr 2025-03-08 02:31:00,810 | server.py:187 | evaluate_round 1 received 2 results and 0 failures
edge0-1    | DEBUG flwr 2025-03-08 02:31:00,810 | server.py:222 | fit_round 2: strategy sampled 2 clients (out of 2)
client3-1  | 2025-03-08 02:31:00 [INFO] Client 3 - Evaluation - Loss: 155.1343, Accuracy: 0.8875
edge1-1    | DEBUG flwr 2025-03-08 02:31:00,905 | server.py:187 | evaluate_round 1 received 2 results and 0 failures
edge1-1    | DEBUG flwr 2025-03-08 02:31:00,906 | server.py:222 | fit_round 2: strategy sampled 2 clients (out of 2)
client2-1  | 2025-03-08 02:31:00 [INFO] Client 2 - Pre-Training - CPU: 79.6% | TX: 0.00 MB | Energy: 3.98 J/s
client0-1  | 2025-03-08 02:31:00 [INFO] Client 0 - Pre-Training - CPU: 0.0% | TX: 0.00 MB | Energy: 0.00 J/s
client3-1  | 2025-03-08 02:31:01 [INFO] Client 3 - Pre-Training - CPU: 99.8% | TX: 0.00 MB | Energy: 4.99 J/s
client1-1  | 2025-03-08 02:31:01 [INFO] Client 1 - Pre-Training - CPU: 0.0% | TX: 0.00 MB | Energy: 0.00 J/s
client1-1  | 2025-03-08 02:35:37 [INFO] Client 1 - Post-Training (took 303.33s) - CPU: 117.8% | TX: 0.00 MB | Energy: 5.89 J/s
client2-1  | 2025-03-08 02:35:38 [INFO] Client 2 - Post-Training (took 304.21s) - CPU: 129.4% | TX: 0.00 MB | Energy: 6.47 J/s
client0-1  | 2025-03-08 02:35:38 [INFO] Client 0 - Post-Training (took 304.29s) - CPU: 129.2% | TX: 0.00 MB | Energy: 6.46 J/s
edge0-1    | DEBUG flwr 2025-03-08 02:35:38,234 | server.py:236 | fit_round 2 received 2 results and 0 failures
edge0-1    | DEBUG flwr 2025-03-08 02:35:38,236 | server.py:173 | evaluate_round 2: strategy sampled 2 clients (out of 2)
client3-1  | 2025-03-08 02:35:38 [INFO] Client 3 - Post-Training (took 304.22s) - CPU: 128.4% | TX: 0.00 MB | Energy: 6.42 J/s
edge1-1    | DEBUG flwr 2025-03-08 02:35:38,255 | server.py:236 | fit_round 2 received 2 results and 0 failures
edge1-1    | DEBUG flwr 2025-03-08 02:35:38,257 | server.py:173 | evaluate_round 2: strategy sampled 2 clients (out of 2)
client0-1  | 2025-03-08 02:35:38 [INFO] Client 0 - Pre-Evaluation - CPU: 0.0% | TX: 0.00 MB | Energy: 0.00 J/s
client2-1  | 2025-03-08 02:35:38 [INFO] Client 2 - Pre-Evaluation - CPU: 0.0% | TX: 0.00 MB | Energy: 0.00 J/s
client3-1  | 2025-03-08 02:35:38 [INFO] Client 3 - Pre-Evaluation - CPU: 0.0% | TX: 0.00 MB | Energy: 0.00 J/s
client1-1  | 2025-03-08 02:35:38 [INFO] Client 1 - Pre-Evaluation - CPU: 0.0% | TX: 0.00 MB | Energy: 0.00 J/s
client3-1  | 2025-03-08 02:37:21 [INFO] Client 3 - Evaluation - Loss: 89.0186, Accuracy: 0.9358
client1-1  | 2025-03-08 02:37:21 [INFO] Client 1 - Evaluation - Loss: 95.6495, Accuracy: 0.9324
edge1-1    | DEBUG flwr 2025-03-08 02:37:21,782 | server.py:187 | evaluate_round 2 received 2 results and 0 failures
edge1-1    | DEBUG flwr 2025-03-08 02:37:21,782 | server.py:222 | fit_round 3: strategy sampled 2 clients (out of 2)
client2-1  | 2025-03-08 02:37:21 [INFO] Client 2 - Evaluation - Loss: 87.4912, Accuracy: 0.9411
client3-1  | 2025-03-08 02:37:21 [INFO] Client 3 - Pre-Training - CPU: 0.0% | TX: 0.00 MB | Energy: 0.00 J/s
client0-1  | 2025-03-08 02:37:21 [INFO] Client 0 - Evaluation - Loss: 86.0013, Accuracy: 0.9383
client1-1  | 2025-03-08 02:37:21 [INFO] Client 1 - Pre-Training - CPU: 0.0% | TX: 0.00 MB | Energy: 0.00 J/s
edge0-1    | DEBUG flwr 2025-03-08 02:37:21,890 | server.py:187 | evaluate_round 2 received 2 results and 0 failures
edge0-1    | DEBUG flwr 2025-03-08 02:37:21,890 | server.py:222 | fit_round 3: strategy sampled 2 clients (out of 2)
client2-1  | 2025-03-08 02:37:21 [INFO] Client 2 - Pre-Training - CPU: 0.0% | TX: 0.00 MB | Energy: 0.00 J/s
client0-1  | 2025-03-08 02:37:22 [INFO] Client 0 - Pre-Training - CPU: 45.6% | TX: 0.00 MB | Energy: 2.28 J/s
client0-1  | 2025-03-08 02:41:56 [INFO] Client 0 - Post-Training (took 299.16s) - CPU: 49.7% | TX: 0.00 MB | Energy: 2.49 J/s
client1-1  | 2025-03-08 02:41:56 [INFO] Client 1 - Post-Training (took 299.54s) - CPU: 83.8% | TX: 0.00 MB | Energy: 4.19 J/s
client2-1  | 2025-03-08 02:41:56 [INFO] Client 2 - Post-Training (took 299.58s) - CPU: 99.5% | TX: 0.00 MB | Energy: 4.98 J/s
edge0-1    | DEBUG flwr 2025-03-08 02:41:56,738 | server.py:236 | fit_round 3 received 2 results and 0 failures
edge0-1    | DEBUG flwr 2025-03-08 02:41:56,740 | server.py:173 | evaluate_round 3: strategy sampled 2 clients (out of 2)
client3-1  | 2025-03-08 02:41:56 [INFO] Client 3 - Post-Training (took 299.70s) - CPU: 79.6% | TX: 0.00 MB | Energy: 3.98 J/s
edge1-1    | DEBUG flwr 2025-03-08 02:41:56,746 | server.py:236 | fit_round 3 received 2 results and 0 failures
edge1-1    | DEBUG flwr 2025-03-08 02:41:56,747 | server.py:173 | evaluate_round 3: strategy sampled 2 clients (out of 2)
client0-1  | 2025-03-08 02:41:56 [INFO] Client 0 - Pre-Evaluation - CPU: 0.0% | TX: 0.00 MB | Energy: 0.00 J/s
client2-1  | 2025-03-08 02:41:56 [INFO] Client 2 - Pre-Evaluation - CPU: 0.0% | TX: 0.00 MB | Energy: 0.00 J/s
client3-1  | 2025-03-08 02:41:56 [INFO] Client 3 - Pre-Evaluation - CPU: 0.0% | TX: 0.00 MB | Energy: 0.00 J/s
client1-1  | 2025-03-08 02:41:56 [INFO] Client 1 - Pre-Evaluation - CPU: 0.0% | TX: 0.00 MB | Energy: 0.00 J/s
client0-1  | 2025-03-08 02:43:38 [INFO] Client 0 - Evaluation - Loss: 62.5716, Accuracy: 0.9564
client3-1  | 2025-03-08 02:43:39 [INFO] Client 3 - Evaluation - Loss: 61.4622, Accuracy: 0.9571
client2-1  | 2025-03-08 02:43:39 [INFO] Client 2 - Evaluation - Loss: 64.2095, Accuracy: 0.9558
edge0-1    | DEBUG flwr 2025-03-08 02:43:39,175 | server.py:187 | evaluate_round 3 received 2 results and 0 failures
edge0-1    | DEBUG flwr 2025-03-08 02:43:39,176 | server.py:222 | fit_round 4: strategy sampled 2 clients (out of 2)
client1-1  | 2025-03-08 02:43:39 [INFO] Client 1 - Evaluation - Loss: 69.2121, Accuracy: 0.9522
edge1-1    | DEBUG flwr 2025-03-08 02:43:39,199 | server.py:187 | evaluate_round 3 received 2 results and 0 failures
edge1-1    | DEBUG flwr 2025-03-08 02:43:39,200 | server.py:222 | fit_round 4: strategy sampled 2 clients (out of 2)
client0-1  | 2025-03-08 02:43:39 [INFO] Client 0 - Pre-Training - CPU: 0.0% | TX: 0.00 MB | Energy: 0.00 J/s
client2-1  | 2025-03-08 02:43:39 [INFO] Client 2 - Pre-Training - CPU: 0.0% | TX: 0.00 MB | Energy: 0.00 J/s
client3-1  | 2025-03-08 02:43:39 [INFO] Client 3 - Pre-Training - CPU: 0.0% | TX: 0.00 MB | Energy: 0.00 J/s
client1-1  | 2025-03-08 02:43:39 [INFO] Client 1 - Pre-Training - CPU: 77.7% | TX: 0.00 MB | Energy: 3.88 J/s
client2-1  | 2025-03-08 02:48:26 [INFO] Client 2 - Post-Training (took 311.90s) - CPU: 69.0% | TX: 0.00 MB | Energy: 3.45 J/s
client3-1  | 2025-03-08 02:48:26 [INFO] Client 3 - Post-Training (took 312.62s) - CPU: 99.3% | TX: 0.00 MB | Energy: 4.96 J/s
client0-1  | 2025-03-08 02:48:26 [INFO] Client 0 - Post-Training (took 312.69s) - CPU: 109.3% | TX: 0.00 MB | Energy: 5.46 J/s
edge0-1    | DEBUG flwr 2025-03-08 02:48:26,957 | server.py:236 | fit_round 4 received 2 results and 0 failures
edge0-1    | DEBUG flwr 2025-03-08 02:48:26,959 | server.py:173 | evaluate_round 4: strategy sampled 2 clients (out of 2)
client1-1  | 2025-03-08 02:48:26 [INFO] Client 1 - Post-Training (took 312.68s) - CPU: 99.5% | TX: 0.00 MB | Energy: 4.98 J/s
edge1-1    | DEBUG flwr 2025-03-08 02:48:26,974 | server.py:236 | fit_round 4 received 2 results and 0 failures
edge1-1    | DEBUG flwr 2025-03-08 02:48:26,975 | server.py:173 | evaluate_round 4: strategy sampled 2 clients (out of 2)
client0-1  | 2025-03-08 02:48:27 [INFO] Client 0 - Pre-Evaluation - CPU: 0.0% | TX: 0.00 MB | Energy: 0.00 J/s
client2-1  | 2025-03-08 02:48:27 [INFO] Client 2 - Pre-Evaluation - CPU: 0.0% | TX: 0.00 MB | Energy: 0.00 J/s
client1-1  | 2025-03-08 02:48:27 [INFO] Client 1 - Pre-Evaluation - CPU: 0.0% | TX: 0.00 MB | Energy: 0.00 J/s
client3-1  | 2025-03-08 02:48:27 [INFO] Client 3 - Pre-Evaluation - CPU: 0.0% | TX: 0.00 MB | Energy: 0.00 J/s
client0-1  | 2025-03-08 02:50:08 [INFO] Client 0 - Evaluation - Loss: 50.4685, Accuracy: 0.9634
client1-1  | 2025-03-08 02:50:08 [INFO] Client 1 - Evaluation - Loss: 57.7535, Accuracy: 0.9593
client3-1  | 2025-03-08 02:50:08 [INFO] Client 3 - Evaluation - Loss: 51.5440, Accuracy: 0.9623
edge1-1    | DEBUG flwr 2025-03-08 02:50:08,607 | server.py:187 | evaluate_round 4 received 2 results and 0 failures
edge1-1    | DEBUG flwr 2025-03-08 02:50:08,608 | server.py:222 | fit_round 5: strategy sampled 2 clients (out of 2)
client2-1  | 2025-03-08 02:50:08 [INFO] Client 2 - Evaluation - Loss: 53.5078, Accuracy: 0.9621
edge0-1    | DEBUG flwr 2025-03-08 02:50:08,650 | server.py:187 | evaluate_round 4 received 2 results and 0 failures
edge0-1    | DEBUG flwr 2025-03-08 02:50:08,650 | server.py:222 | fit_round 5: strategy sampled 2 clients (out of 2)
client3-1  | 2025-03-08 02:50:08 [INFO] Client 3 - Pre-Training - CPU: 69.5% | TX: 0.00 MB | Energy: 3.48 J/s
client1-1  | 2025-03-08 02:50:08 [INFO] Client 1 - Pre-Training - CPU: 0.0% | TX: 0.00 MB | Energy: 0.00 J/s
client0-1  | 2025-03-08 02:50:08 [INFO] Client 0 - Pre-Training - CPU: 0.0% | TX: 0.00 MB | Energy: 0.00 J/s
client2-1  | 2025-03-08 02:50:08 [INFO] Client 2 - Pre-Training - CPU: 79.3% | TX: 0.00 MB | Energy: 3.96 J/s
client0-1  | 2025-03-08 02:54:49 [INFO] Client 0 - Post-Training (took 305.99s) - CPU: 54.8% | TX: 0.00 MB | Energy: 2.74 J/s
client2-1  | 2025-03-08 02:54:51 [INFO] Client 2 - Post-Training (took 308.13s) - CPU: 29.9% | TX: 0.00 MB | Energy: 1.50 J/s
edge0-1    | DEBUG flwr 2025-03-08 02:54:51,839 | server.py:236 | fit_round 5 received 2 results and 0 failures
edge0-1    | DEBUG flwr 2025-03-08 02:54:51,840 | server.py:173 | evaluate_round 5: strategy sampled 2 clients (out of 2)
client3-1  | 2025-03-08 02:54:51 [INFO] Client 3 - Post-Training (took 308.22s) - CPU: 89.5% | TX: 0.00 MB | Energy: 4.48 J/s
client1-1  | 2025-03-08 02:54:51 [INFO] Client 1 - Post-Training (took 308.24s) - CPU: 99.5% | TX: 0.00 MB | Energy: 4.98 J/s
edge1-1    | DEBUG flwr 2025-03-08 02:54:51,913 | server.py:236 | fit_round 5 received 2 results and 0 failures
edge1-1    | DEBUG flwr 2025-03-08 02:54:51,914 | server.py:173 | evaluate_round 5: strategy sampled 2 clients (out of 2)
client2-1  | 2025-03-08 02:54:51 [INFO] Client 2 - Pre-Evaluation - CPU: 0.0% | TX: 0.00 MB | Energy: 0.00 J/s
client0-1  | 2025-03-08 02:54:51 [INFO] Client 0 - Pre-Evaluation - CPU: 0.0% | TX: 0.00 MB | Energy: 0.00 J/s
client3-1  | 2025-03-08 02:54:52 [INFO] Client 3 - Pre-Evaluation - CPU: 0.0% | TX: 0.00 MB | Energy: 0.00 J/s
client1-1  | 2025-03-08 02:54:52 [INFO] Client 1 - Pre-Evaluation - CPU: 0.0% | TX: 0.00 MB | Energy: 0.00 J/s
client0-1  | 2025-03-08 02:56:34 [INFO] Client 0 - Evaluation - Loss: 44.2474, Accuracy: 0.9676
client3-1  | 2025-03-08 02:56:34 [INFO] Client 3 - Evaluation - Loss: 42.5495, Accuracy: 0.9694
client2-1  | 2025-03-08 02:56:34 [INFO] Client 2 - Evaluation - Loss: 46.2372, Accuracy: 0.9693
edge0-1    | DEBUG flwr 2025-03-08 02:56:34,959 | server.py:187 | evaluate_round 5 received 2 results and 0 failures
edge0-1    | DEBUG flwr 2025-03-08 02:56:34,959 | server.py:222 | fit_round 6: strategy sampled 2 clients (out of 2)
client1-1  | 2025-03-08 02:56:34 [INFO] Client 1 - Evaluation - Loss: 49.4896, Accuracy: 0.9649
edge1-1    | DEBUG flwr 2025-03-08 02:56:34,973 | server.py:187 | evaluate_round 5 received 2 results and 0 failures
edge1-1    | DEBUG flwr 2025-03-08 02:56:34,973 | server.py:222 | fit_round 6: strategy sampled 2 clients (out of 2)
client0-1  | 2025-03-08 02:56:35 [INFO] Client 0 - Pre-Training - CPU: 0.0% | TX: 0.00 MB | Energy: 0.00 J/s
client2-1  | 2025-03-08 02:56:35 [INFO] Client 2 - Pre-Training - CPU: 29.9% | TX: 0.00 MB | Energy: 1.50 J/s
client3-1  | 2025-03-08 02:56:35 [INFO] Client 3 - Pre-Training - CPU: 0.0% | TX: 0.00 MB | Energy: 0.00 J/s
client1-1  | 2025-03-08 02:56:35 [INFO] Client 1 - Pre-Training - CPU: 54.3% | TX: 0.00 MB | Energy: 2.71 J/s
client0-1  | 2025-03-08 03:01:17 [INFO] Client 0 - Post-Training (took 309.74s) - CPU: 67.2% | TX: 0.00 MB | Energy: 3.36 J/s
client1-1  | 2025-03-08 03:01:17 [INFO] Client 1 - Post-Training (took 310.32s) - CPU: 109.2% | TX: 0.00 MB | Energy: 5.46 J/s
client2-1  | 2025-03-08 03:01:17 [INFO] Client 2 - Post-Training (took 310.39s) - CPU: 129.0% | TX: 0.00 MB | Energy: 6.45 J/s
edge0-1    | DEBUG flwr 2025-03-08 03:01:17,732 | server.py:236 | fit_round 6 received 2 results and 0 failures
edge0-1    | DEBUG flwr 2025-03-08 03:01:17,733 | server.py:173 | evaluate_round 6: strategy sampled 2 clients (out of 2)
client3-1  | 2025-03-08 03:01:17 [INFO] Client 3 - Post-Training (took 310.38s) - CPU: 99.8% | TX: 0.00 MB | Energy: 4.99 J/s
edge1-1    | DEBUG flwr 2025-03-08 03:01:17,738 | server.py:236 | fit_round 6 received 2 results and 0 failures
edge1-1    | DEBUG flwr 2025-03-08 03:01:17,739 | server.py:173 | evaluate_round 6: strategy sampled 2 clients (out of 2)
client2-1  | 2025-03-08 03:01:17 [INFO] Client 2 - Pre-Evaluation - CPU: 0.0% | TX: 0.00 MB | Energy: 0.00 J/s
client0-1  | 2025-03-08 03:01:17 [INFO] Client 0 - Pre-Evaluation - CPU: 0.0% | TX: 0.00 MB | Energy: 0.00 J/s
client3-1  | 2025-03-08 03:01:17 [INFO] Client 3 - Pre-Evaluation - CPU: 0.0% | TX: 0.00 MB | Energy: 0.00 J/s
client1-1  | 2025-03-08 03:01:17 [INFO] Client 1 - Pre-Evaluation - CPU: 0.0% | TX: 0.00 MB | Energy: 0.00 J/s
client1-1  | 2025-03-08 03:03:01 [INFO] Client 1 - Evaluation - Loss: 47.3396, Accuracy: 0.9667
client3-1  | 2025-03-08 03:03:01 [INFO] Client 3 - Evaluation - Loss: 40.1252, Accuracy: 0.9713
edge1-1    | DEBUG flwr 2025-03-08 03:03:01,746 | server.py:187 | evaluate_round 6 received 2 results and 0 failures
edge1-1    | DEBUG flwr 2025-03-08 03:03:01,746 | server.py:222 | fit_round 7: strategy sampled 2 clients (out of 2)
client2-1  | 2025-03-08 03:03:01 [INFO] Client 2 - Evaluation - Loss: 39.8701, Accuracy: 0.9727
client1-1  | 2025-03-08 03:03:01 [INFO] Client 1 - Pre-Training - CPU: 0.0% | TX: 0.00 MB | Energy: 0.00 J/s
client3-1  | 2025-03-08 03:03:01 [INFO] Client 3 - Pre-Training - CPU: 0.0% | TX: 0.00 MB | Energy: 0.00 J/s
client0-1  | 2025-03-08 03:03:01 [INFO] Client 0 - Evaluation - Loss: 37.8275, Accuracy: 0.9719
edge0-1    | DEBUG flwr 2025-03-08 03:03:01,866 | server.py:187 | evaluate_round 6 received 2 results and 0 failures
edge0-1    | DEBUG flwr 2025-03-08 03:03:01,866 | server.py:222 | fit_round 7: strategy sampled 2 clients (out of 2)
client2-1  | 2025-03-08 03:03:01 [INFO] Client 2 - Pre-Training - CPU: 0.0% | TX: 0.00 MB | Energy: 0.00 J/s
client0-1  | 2025-03-08 03:03:01 [INFO] Client 0 - Pre-Training - CPU: 69.7% | TX: 0.00 MB | Energy: 3.49 J/s
client0-1  | 2025-03-08 03:07:39 [INFO] Client 0 - Post-Training (took 303.21s) - CPU: 79.3% | TX: 0.00 MB | Energy: 3.96 J/s
client1-1  | 2025-03-08 03:07:40 [INFO] Client 1 - Post-Training (took 303.72s) - CPU: 109.2% | TX: 0.00 MB | Energy: 5.46 J/s
client3-1  | 2025-03-08 03:07:40 [INFO] Client 3 - Post-Training (took 303.80s) - CPU: 109.6% | TX: 0.00 MB | Energy: 5.48 J/s
edge1-1    | DEBUG flwr 2025-03-08 03:07:40,330 | server.py:236 | fit_round 7 received 2 results and 0 failures
edge1-1    | DEBUG flwr 2025-03-08 03:07:40,332 | server.py:173 | evaluate_round 7: strategy sampled 2 clients (out of 2)
client1-1  | 2025-03-08 03:07:40 [INFO] Client 1 - Pre-Evaluation - CPU: 0.0% | TX: 0.00 MB | Energy: 0.00 J/s
client3-1  | 2025-03-08 03:07:40 [INFO] Client 3 - Pre-Evaluation - CPU: 0.0% | TX: 0.00 MB | Energy: 0.00 J/s
client2-1  | 2025-03-08 03:07:40 [INFO] Client 2 - Post-Training (took 303.80s) - CPU: 89.7% | TX: 0.00 MB | Energy: 4.49 J/s
edge0-1    | DEBUG flwr 2025-03-08 03:07:40,442 | server.py:236 | fit_round 7 received 2 results and 0 failures
edge0-1    | DEBUG flwr 2025-03-08 03:07:40,444 | server.py:173 | evaluate_round 7: strategy sampled 2 clients (out of 2)
client0-1  | 2025-03-08 03:07:40 [INFO] Client 0 - Pre-Evaluation - CPU: 0.0% | TX: 0.00 MB | Energy: 0.00 J/s
client2-1  | 2025-03-08 03:07:40 [INFO] Client 2 - Pre-Evaluation - CPU: 0.0% | TX: 0.00 MB | Energy: 0.00 J/s
client1-1  | 2025-03-08 03:09:15 [INFO] Client 1 - Evaluation - Loss: 40.6876, Accuracy: 0.9716
client2-1  | 2025-03-08 03:09:15 [INFO] Client 2 - Evaluation - Loss: 34.9786, Accuracy: 0.9767
client0-1  | 2025-03-08 03:09:15 [INFO] Client 0 - Evaluation - Loss: 32.4086, Accuracy: 0.9771
edge0-1    | DEBUG flwr 2025-03-08 03:09:15,940 | server.py:187 | evaluate_round 7 received 2 results and 0 failures
edge0-1    | DEBUG flwr 2025-03-08 03:09:15,941 | server.py:222 | fit_round 8: strategy sampled 2 clients (out of 2)
client3-1  | 2025-03-08 03:09:16 [INFO] Client 3 - Evaluation - Loss: 34.6602, Accuracy: 0.9747
edge1-1    | DEBUG flwr 2025-03-08 03:09:16,025 | server.py:187 | evaluate_round 7 received 2 results and 0 failures
edge1-1    | DEBUG flwr 2025-03-08 03:09:16,025 | server.py:222 | fit_round 8: strategy sampled 2 clients (out of 2)
client2-1  | 2025-03-08 03:09:16 [INFO] Client 2 - Pre-Training - CPU: 0.0% | TX: 0.00 MB | Energy: 0.00 J/s
client0-1  | 2025-03-08 03:09:16 [INFO] Client 0 - Pre-Training - CPU: 19.9% | TX: 0.00 MB | Energy: 0.99 J/s
client1-1  | 2025-03-08 03:09:16 [INFO] Client 1 - Pre-Training - CPU: 0.0% | TX: 0.00 MB | Energy: 0.00 J/s
client3-1  | 2025-03-08 03:09:16 [INFO] Client 3 - Pre-Training - CPU: 98.4% | TX: 0.00 MB | Energy: 4.92 J/s
client2-1  | 2025-03-08 03:13:49 [INFO] Client 2 - Post-Training (took 298.82s) - CPU: 89.9% | TX: 0.00 MB | Energy: 4.50 J/s
client0-1  | 2025-03-08 03:13:50 [INFO] Client 0 - Post-Training (took 299.23s) - CPU: 89.6% | TX: 0.00 MB | Energy: 4.48 J/s
edge0-1    | DEBUG flwr 2025-03-08 03:13:50,378 | server.py:236 | fit_round 8 received 2 results and 0 failures
edge0-1    | DEBUG flwr 2025-03-08 03:13:50,379 | server.py:173 | evaluate_round 8: strategy sampled 2 clients (out of 2)
client1-1  | 2025-03-08 03:13:50 [INFO] Client 1 - Post-Training (took 299.21s) - CPU: 109.0% | TX: 0.00 MB | Energy: 5.45 J/s
client3-1  | 2025-03-08 03:13:50 [INFO] Client 3 - Post-Training (took 299.23s) - CPU: 89.3% | TX: 0.00 MB | Energy: 4.46 J/s
edge1-1    | DEBUG flwr 2025-03-08 03:13:50,458 | server.py:236 | fit_round 8 received 2 results and 0 failures
edge1-1    | DEBUG flwr 2025-03-08 03:13:50,459 | server.py:173 | evaluate_round 8: strategy sampled 2 clients (out of 2)
client0-1  | 2025-03-08 03:13:50 [INFO] Client 0 - Pre-Evaluation - CPU: 0.0% | TX: 0.00 MB | Energy: 0.00 J/s
client2-1  | 2025-03-08 03:13:50 [INFO] Client 2 - Pre-Evaluation - CPU: 0.0% | TX: 0.00 MB | Energy: 0.00 J/s
client3-1  | 2025-03-08 03:13:50 [INFO] Client 3 - Pre-Evaluation - CPU: 0.0% | TX: 0.00 MB | Energy: 0.00 J/s
client1-1  | 2025-03-08 03:13:50 [INFO] Client 1 - Pre-Evaluation - CPU: 0.0% | TX: 0.00 MB | Energy: 0.00 J/s
client2-1  | 2025-03-08 03:15:29 [INFO] Client 2 - Evaluation - Loss: 32.8369, Accuracy: 0.9774
edge0-1    | DEBUG flwr 2025-03-08 03:15:30,054 | server.py:187 | evaluate_round 8 received 2 results and 0 failures
edge0-1    | DEBUG flwr 2025-03-08 03:15:30,054 | server.py:222 | fit_round 9: strategy sampled 2 clients (out of 2)
client0-1  | 2025-03-08 03:15:30 [INFO] Client 0 - Evaluation - Loss: 31.0706, Accuracy: 0.9756
client3-1  | 2025-03-08 03:15:30 [INFO] Client 3 - Evaluation - Loss: 30.9692, Accuracy: 0.9788
client2-1  | 2025-03-08 03:15:30 [INFO] Client 2 - Pre-Training - CPU: 9.9% | TX: 0.00 MB | Energy: 0.50 J/s
client0-1  | 2025-03-08 03:15:30 [INFO] Client 0 - Pre-Training - CPU: 59.6% | TX: 0.00 MB | Energy: 2.98 J/s
client1-1  | 2025-03-08 03:15:31 [INFO] Client 1 - Evaluation - Loss: 36.9402, Accuracy: 0.9733
edge1-1    | DEBUG flwr 2025-03-08 03:15:31,214 | server.py:187 | evaluate_round 8 received 2 results and 0 failures
edge1-1    | DEBUG flwr 2025-03-08 03:15:31,214 | server.py:222 | fit_round 9: strategy sampled 2 clients (out of 2)
client3-1  | 2025-03-08 03:15:31 [INFO] Client 3 - Pre-Training - CPU: 0.0% | TX: 0.00 MB | Energy: 0.00 J/s
client1-1  | 2025-03-08 03:15:31 [INFO] Client 1 - Pre-Training - CPU: 29.7% | TX: 0.00 MB | Energy: 1.49 J/s
client2-1  | 2025-03-08 03:19:49 [INFO] Client 2 - Post-Training (took 282.13s) - CPU: 49.1% | TX: 0.00 MB | Energy: 2.46 J/s
client0-1  | 2025-03-08 03:19:51 [INFO] Client 0 - Post-Training (took 284.68s) - CPU: 83.8% | TX: 0.00 MB | Energy: 4.19 J/s
edge0-1    | DEBUG flwr 2025-03-08 03:19:51,968 | server.py:236 | fit_round 9 received 2 results and 0 failures
edge0-1    | DEBUG flwr 2025-03-08 03:19:51,970 | server.py:173 | evaluate_round 9: strategy sampled 2 clients (out of 2)
client3-1  | 2025-03-08 03:19:52 [INFO] Client 3 - Post-Training (took 283.62s) - CPU: 148.8% | TX: 0.00 MB | Energy: 7.44 J/s
client2-1  | 2025-03-08 03:19:52 [INFO] Client 2 - Pre-Evaluation - CPU: 0.0% | TX: 0.00 MB | Energy: 0.00 J/s
client0-1  | 2025-03-08 03:19:52 [INFO] Client 0 - Pre-Evaluation - CPU: 0.0% | TX: 0.00 MB | Energy: 0.00 J/s
client1-1  | 2025-03-08 03:19:52 [INFO] Client 1 - Post-Training (took 283.93s) - CPU: 128.3% | TX: 0.00 MB | Energy: 6.42 J/s
edge1-1    | DEBUG flwr 2025-03-08 03:19:52,377 | server.py:236 | fit_round 9 received 2 results and 0 failures
edge1-1    | DEBUG flwr 2025-03-08 03:19:52,380 | server.py:173 | evaluate_round 9: strategy sampled 2 clients (out of 2)
client3-1  | 2025-03-08 03:19:52 [INFO] Client 3 - Pre-Evaluation - CPU: 0.0% | TX: 0.00 MB | Energy: 0.00 J/s
client1-1  | 2025-03-08 03:19:52 [INFO] Client 1 - Pre-Evaluation - CPU: 0.0% | TX: 0.00 MB | Energy: 0.00 J/s
client2-1  | 2025-03-08 03:21:29 [INFO] Client 2 - Evaluation - Loss: 29.7557, Accuracy: 0.9793
client1-1  | 2025-03-08 03:21:30 [INFO] Client 1 - Evaluation - Loss: 33.6680, Accuracy: 0.9773
client0-1  | 2025-03-08 03:21:30 [INFO] Client 0 - Evaluation - Loss: 27.4235, Accuracy: 0.9790
edge0-1    | DEBUG flwr 2025-03-08 03:21:30,374 | server.py:187 | evaluate_round 9 received 2 results and 0 failures
edge0-1    | DEBUG flwr 2025-03-08 03:21:30,375 | server.py:222 | fit_round 10: strategy sampled 2 clients (out of 2)
client3-1  | 2025-03-08 03:21:30 [INFO] Client 3 - Evaluation - Loss: 27.9626, Accuracy: 0.9808
edge1-1    | DEBUG flwr 2025-03-08 03:21:30,440 | server.py:187 | evaluate_round 9 received 2 results and 0 failures
edge1-1    | DEBUG flwr 2025-03-08 03:21:30,440 | server.py:222 | fit_round 10: strategy sampled 2 clients (out of 2)
client2-1  | 2025-03-08 03:21:30 [INFO] Client 2 - Pre-Training - CPU: 0.0% | TX: 0.00 MB | Energy: 0.00 J/s
client0-1  | 2025-03-08 03:21:30 [INFO] Client 0 - Pre-Training - CPU: 49.9% | TX: 0.00 MB | Energy: 2.50 J/s
client1-1  | 2025-03-08 03:21:30 [INFO] Client 1 - Pre-Training - CPU: 0.0% | TX: 0.00 MB | Energy: 0.00 J/s
client3-1  | 2025-03-08 03:21:30 [INFO] Client 3 - Pre-Training - CPU: 55.2% | TX: 0.00 MB | Energy: 2.76 J/s
client1-1  | 2025-03-08 03:26:03 [INFO] Client 1 - Post-Training (took 298.47s) - CPU: 69.8% | TX: 0.00 MB | Energy: 3.49 J/s
client2-1  | 2025-03-08 03:26:05 [INFO] Client 2 - Post-Training (took 300.83s) - CPU: 89.0% | TX: 0.00 MB | Energy: 4.45 J/s
client3-1  | 2025-03-08 03:26:05 [INFO] Client 3 - Post-Training (took 300.79s) - CPU: 89.4% | TX: 0.00 MB | Energy: 4.47 J/s
edge1-1    | DEBUG flwr 2025-03-08 03:26:05,866 | server.py:236 | fit_round 10 received 2 results and 0 failures
edge1-1    | DEBUG flwr 2025-03-08 03:26:05,867 | server.py:173 | evaluate_round 10: strategy sampled 2 clients (out of 2)
client0-1  | 2025-03-08 03:26:05 [INFO] Client 0 - Post-Training (took 300.88s) - CPU: 89.6% | TX: 0.00 MB | Energy: 4.48 J/s
edge0-1    | DEBUG flwr 2025-03-08 03:26:05,885 | server.py:236 | fit_round 10 received 2 results and 0 failures
edge0-1    | DEBUG flwr 2025-03-08 03:26:05,887 | server.py:173 | evaluate_round 10: strategy sampled 2 clients (out of 2)
client3-1  | 2025-03-08 03:26:05 [INFO] Client 3 - Pre-Evaluation - CPU: 0.0% | TX: 0.00 MB | Energy: 0.00 J/s
client1-1  | 2025-03-08 03:26:05 [INFO] Client 1 - Pre-Evaluation - CPU: 0.0% | TX: 0.00 MB | Energy: 0.00 J/s
client2-1  | 2025-03-08 03:26:05 [INFO] Client 2 - Pre-Evaluation - CPU: 0.0% | TX: 0.00 MB | Energy: 0.00 J/s
client0-1  | 2025-03-08 03:26:06 [INFO] Client 0 - Pre-Evaluation - CPU: 0.0% | TX: 0.00 MB | Energy: 0.00 J/s
client1-1  | 2025-03-08 03:27:48 [INFO] Client 1 - Evaluation - Loss: 29.7671, Accuracy: 0.9789
client2-1  | 2025-03-08 03:27:48 [INFO] Client 2 - Evaluation - Loss: 28.6299, Accuracy: 0.9791
client3-1  | 2025-03-08 03:27:48 [INFO] Client 3 - Evaluation - Loss: 25.8205, Accuracy: 0.9813
edge1-1    | DEBUG flwr 2025-03-08 03:27:48,799 | server.py:187 | evaluate_round 10 received 2 results and 0 failures
edge1-1    | DEBUG flwr 2025-03-08 03:27:48,799 | server.py:222 | fit_round 11: strategy sampled 2 clients (out of 2)
client0-1  | 2025-03-08 03:27:48 [INFO] Client 0 - Evaluation - Loss: 25.7384, Accuracy: 0.9799
edge0-1    | DEBUG flwr 2025-03-08 03:27:48,807 | server.py:187 | evaluate_round 10 received 2 results and 0 failures
edge0-1    | DEBUG flwr 2025-03-08 03:27:48,807 | server.py:222 | fit_round 11: strategy sampled 2 clients (out of 2)
client1-1  | 2025-03-08 03:27:48 [INFO] Client 1 - Pre-Training - CPU: 0.0% | TX: 0.00 MB | Energy: 0.00 J/s
client2-1  | 2025-03-08 03:27:48 [INFO] Client 2 - Pre-Training - CPU: 0.0% | TX: 0.00 MB | Energy: 0.00 J/s
client0-1  | 2025-03-08 03:27:48 [INFO] Client 0 - Pre-Training - CPU: 59.5% | TX: 0.00 MB | Energy: 2.98 J/s
client3-1  | 2025-03-08 03:27:48 [INFO] Client 3 - Pre-Training - CPU: 0.0% | TX: 0.00 MB | Energy: 0.00 J/s
client0-1  | 2025-03-08 03:32:22 [INFO] Client 0 - Post-Training (took 301.39s) - CPU: 99.2% | TX: 0.00 MB | Energy: 4.96 J/s
client2-1  | 2025-03-08 03:32:22 [INFO] Client 2 - Post-Training (took 302.14s) - CPU: 106.3% | TX: 0.00 MB | Energy: 5.32 J/s
edge0-1    | DEBUG flwr 2025-03-08 03:32:22,985 | server.py:236 | fit_round 11 received 2 results and 0 failures
edge0-1    | DEBUG flwr 2025-03-08 03:32:22,987 | server.py:173 | evaluate_round 11: strategy sampled 2 clients (out of 2)
client3-1  | 2025-03-08 03:32:23 [INFO] Client 3 - Post-Training (took 302.26s) - CPU: 148.7% | TX: 0.00 MB | Energy: 7.43 J/s
client0-1  | 2025-03-08 03:32:23 [INFO] Client 0 - Pre-Evaluation - CPU: 0.0% | TX: 0.00 MB | Energy: 0.00 J/s
client2-1  | 2025-03-08 03:32:23 [INFO] Client 2 - Pre-Evaluation - CPU: 0.0% | TX: 0.00 MB | Energy: 0.00 J/s
client1-1  | 2025-03-08 03:32:23 [INFO] Client 1 - Post-Training (took 302.31s) - CPU: 96.3% | TX: 0.00 MB | Energy: 4.82 J/s
edge1-1    | DEBUG flwr 2025-03-08 03:32:23,146 | server.py:236 | fit_round 11 received 2 results and 0 failures
edge1-1    | DEBUG flwr 2025-03-08 03:32:23,148 | server.py:173 | evaluate_round 11: strategy sampled 2 clients (out of 2)
client3-1  | 2025-03-08 03:32:23 [INFO] Client 3 - Pre-Evaluation - CPU: 0.0% | TX: 0.00 MB | Energy: 0.00 J/s
client1-1  | 2025-03-08 03:32:23 [INFO] Client 1 - Pre-Evaluation - CPU: 0.0% | TX: 0.00 MB | Energy: 0.00 J/s
client2-1  | 2025-03-08 03:33:59 [INFO] Client 2 - Evaluation - Loss: 26.9436, Accuracy: 0.9801
client0-1  | 2025-03-08 03:33:59 [INFO] Client 0 - Evaluation - Loss: 23.6588, Accuracy: 0.9824
edge0-1    | DEBUG flwr 2025-03-08 03:33:59,751 | server.py:187 | evaluate_round 11 received 2 results and 0 failures
edge0-1    | DEBUG flwr 2025-03-08 03:33:59,752 | server.py:222 | fit_round 12: strategy sampled 2 clients (out of 2)
client2-1  | 2025-03-08 03:33:59 [INFO] Client 2 - Pre-Training - CPU: 0.0% | TX: 0.00 MB | Energy: 0.00 J/s
client0-1  | 2025-03-08 03:33:59 [INFO] Client 0 - Pre-Training - CPU: 0.0% | TX: 0.00 MB | Energy: 0.00 J/s
client3-1  | 2025-03-08 03:34:01 [INFO] Client 3 - Evaluation - Loss: 24.5445, Accuracy: 0.9822
client1-1  | 2025-03-08 03:34:01 [INFO] Client 1 - Evaluation - Loss: 28.8903, Accuracy: 0.9795
edge1-1    | DEBUG flwr 2025-03-08 03:34:01,894 | server.py:187 | evaluate_round 11 received 2 results and 0 failures
edge1-1    | DEBUG flwr 2025-03-08 03:34:01,895 | server.py:222 | fit_round 12: strategy sampled 2 clients (out of 2)
client3-1  | 2025-03-08 03:34:01 [INFO] Client 3 - Pre-Training - CPU: 0.0% | TX: 0.00 MB | Energy: 0.00 J/s
client1-1  | 2025-03-08 03:34:02 [INFO] Client 1 - Pre-Training - CPU: 27.6% | TX: 0.00 MB | Energy: 1.38 J/s
client0-1  | 2025-03-08 03:38:16 [INFO] Client 0 - Post-Training (took 279.24s) - CPU: 27.4% | TX: 0.00 MB | Energy: 1.37 J/s
client1-1  | 2025-03-08 03:38:20 [INFO] Client 1 - Post-Training (took 281.09s) - CPU: 106.0% | TX: 0.00 MB | Energy: 5.30 J/s
client2-1  | 2025-03-08 03:38:20 [INFO] Client 2 - Post-Training (took 283.39s) - CPU: 119.4% | TX: 0.00 MB | Energy: 5.97 J/s
edge0-1    | DEBUG flwr 2025-03-08 03:38:20,364 | server.py:236 | fit_round 12 received 2 results and 0 failures
edge0-1    | DEBUG flwr 2025-03-08 03:38:20,366 | server.py:173 | evaluate_round 12: strategy sampled 2 clients (out of 2)
client2-1  | 2025-03-08 03:38:20 [INFO] Client 2 - Pre-Evaluation - CPU: 0.0% | TX: 0.00 MB | Energy: 0.00 J/s
client0-1  | 2025-03-08 03:38:20 [INFO] Client 0 - Pre-Evaluation - CPU: 0.0% | TX: 0.00 MB | Energy: 0.00 J/s
client3-1  | 2025-03-08 03:38:21 [INFO] Client 3 - Post-Training (took 282.08s) - CPU: 117.5% | TX: 0.00 MB | Energy: 5.88 J/s
edge1-1    | DEBUG flwr 2025-03-08 03:38:21,219 | server.py:236 | fit_round 12 received 2 results and 0 failures
edge1-1    | DEBUG flwr 2025-03-08 03:38:21,226 | server.py:173 | evaluate_round 12: strategy sampled 2 clients (out of 2)
client1-1  | 2025-03-08 03:38:20 [INFO] Client 1 - Pre-Evaluation - CPU: 0.0% | TX: 0.00 MB | Energy: 0.00 J/s
client3-1  | 2025-03-08 03:38:20 [INFO] Client 3 - Pre-Evaluation - CPU: 0.0% | TX: 0.00 MB | Energy: 0.00 J/s
client0-1  | 2025-03-08 03:39:54 [INFO] Client 0 - Evaluation - Loss: 23.4701, Accuracy: 0.9818
client3-1  | 2025-03-08 03:39:55 [INFO] Client 3 - Evaluation - Loss: 24.3158, Accuracy: 0.9819
client2-1  | 2025-03-08 03:39:55 [INFO] Client 2 - Evaluation - Loss: 26.2883, Accuracy: 0.9803
edge0-1    | DEBUG flwr 2025-03-08 03:39:55,608 | server.py:187 | evaluate_round 12 received 2 results and 0 failures
edge0-1    | DEBUG flwr 2025-03-08 03:39:55,608 | server.py:222 | fit_round 13: strategy sampled 2 clients (out of 2)
client1-1  | 2025-03-08 03:39:55 [INFO] Client 1 - Evaluation - Loss: 29.0076, Accuracy: 0.9786
edge1-1    | DEBUG flwr 2025-03-08 03:39:55,661 | server.py:187 | evaluate_round 12 received 2 results and 0 failures
edge1-1    | DEBUG flwr 2025-03-08 03:39:55,662 | server.py:222 | fit_round 13: strategy sampled 2 clients (out of 2)
client2-1  | 2025-03-08 03:39:55 [INFO] Client 2 - Pre-Training - CPU: 79.8% | TX: 0.00 MB | Energy: 3.99 J/s
client0-1  | 2025-03-08 03:39:55 [INFO] Client 0 - Pre-Training - CPU: 0.0% | TX: 0.00 MB | Energy: 0.00 J/s
client3-1  | 2025-03-08 03:39:55 [INFO] Client 3 - Pre-Training - CPU: 0.0% | TX: 0.00 MB | Energy: 0.00 J/s
client1-1  | 2025-03-08 03:39:55 [INFO] Client 1 - Pre-Training - CPU: 88.3% | TX: 0.00 MB | Energy: 4.42 J/s
client0-1  | 2025-03-08 03:44:40 [INFO] Client 0 - Post-Training (took 309.88s) - CPU: 129.4% | TX: 0.00 MB | Energy: 6.47 J/s
client3-1  | 2025-03-08 03:44:41 [INFO] Client 3 - Post-Training (took 310.89s) - CPU: 105.9% | TX: 0.00 MB | Energy: 5.30 J/s
client1-1  | 2025-03-08 03:44:41 [INFO] Client 1 - Post-Training (took 311.06s) - CPU: 119.2% | TX: 0.00 MB | Energy: 5.96 J/s
edge1-1    | DEBUG flwr 2025-03-08 03:44:41,267 | server.py:236 | fit_round 13 received 2 results and 0 failures
edge1-1    | DEBUG flwr 2025-03-08 03:44:41,269 | server.py:173 | evaluate_round 13: strategy sampled 2 clients (out of 2)
client2-1  | 2025-03-08 03:44:41 [INFO] Client 2 - Post-Training (took 311.13s) - CPU: 119.7% | TX: 0.00 MB | Energy: 5.99 J/s
edge0-1    | DEBUG flwr 2025-03-08 03:44:41,286 | server.py:236 | fit_round 13 received 2 results and 0 failures
edge0-1    | DEBUG flwr 2025-03-08 03:44:41,288 | server.py:173 | evaluate_round 13: strategy sampled 2 clients (out of 2)
client1-1  | 2025-03-08 03:44:41 [INFO] Client 1 - Pre-Evaluation - CPU: 0.0% | TX: 0.00 MB | Energy: 0.00 J/s
client3-1  | 2025-03-08 03:44:41 [INFO] Client 3 - Pre-Evaluation - CPU: 0.0% | TX: 0.00 MB | Energy: 0.00 J/s
client0-1  | 2025-03-08 03:44:41 [INFO] Client 0 - Pre-Evaluation - CPU: 0.0% | TX: 0.00 MB | Energy: 0.00 J/s
client2-1  | 2025-03-08 03:44:41 [INFO] Client 2 - Pre-Evaluation - CPU: 0.0% | TX: 0.00 MB | Energy: 0.00 J/s
client1-1  | 2025-03-08 03:46:19 [INFO] Client 1 - Evaluation - Loss: 24.1764, Accuracy: 0.9823
client2-1  | 2025-03-08 03:46:19 [INFO] Client 2 - Evaluation - Loss: 22.2562, Accuracy: 0.9843
client3-1  | 2025-03-08 03:46:20 [INFO] Client 3 - Evaluation - Loss: 20.6631, Accuracy: 0.9853
edge1-1    | DEBUG flwr 2025-03-08 03:46:20,035 | server.py:187 | evaluate_round 13 received 2 results and 0 failures
edge1-1    | DEBUG flwr 2025-03-08 03:46:20,036 | server.py:222 | fit_round 14: strategy sampled 2 clients (out of 2)
client0-1  | 2025-03-08 03:46:20 [INFO] Client 0 - Evaluation - Loss: 20.5539, Accuracy: 0.9856
edge0-1    | DEBUG flwr 2025-03-08 03:46:20,053 | server.py:187 | evaluate_round 13 received 2 results and 0 failures
